---
source: engine/src/lang/preprocess/tests.rs
expression: output
---
ERRORS:


MESSAGES:


OUTPUT:
 
 
  baz whee A
 
 
  baz whoo B
 

