---
source: backend/src/lang/parse/preprocess/tests.rs
expression: "parse(r#\"/**/ / */**/ * / /// this is a comment\"#)"
---
Ok(
    Tree(
        [
            (
                Line(
                    [
                        Single(
                            (
                                Slash,
                                5..6,
                            ),
                        ),
                        Single(
                            (
                                Star,
                                7..8,
                            ),
                        ),
                        Single(
                            (
                                Star,
                                13..14,
                            ),
                        ),
                        Single(
                            (
                                Slash,
                                15..16,
                            ),
                        ),
                    ],
                ),
                0..39,
            ),
        ],
    ),
)
